Release 14.7 - xst P.20131013 (nt64)
Copyright (c) 1995-2013 Xilinx, Inc.  All rights reserved.
--> Parameter TMPDIR set to xst/projnav.tmp


Total REAL time to Xst completion: 0.00 secs
Total CPU time to Xst completion: 0.08 secs
 
--> Parameter xsthdpdir set to xst


Total REAL time to Xst completion: 0.00 secs
Total CPU time to Xst completion: 0.08 secs
 
--> Reading design: Adder_32.prj

TABLE OF CONTENTS
  1) Synthesis Options Summary
  2) HDL Parsing
  3) HDL Elaboration
  4) HDL Synthesis
       4.1) HDL Synthesis Report
  5) Advanced HDL Synthesis
       5.1) Advanced HDL Synthesis Report
  6) Low Level Synthesis
  7) Partition Report
  8) Design Summary
       8.1) Primitive and Black Box Usage
       8.2) Device utilization summary
       8.3) Partition Resource Summary
       8.4) Timing Report
            8.4.1) Clock Information
            8.4.2) Asynchronous Control Signals Information
            8.4.3) Timing Summary
            8.4.4) Timing Details
            8.4.5) Cross Clock Domains Report


=========================================================================
*                      Synthesis Options Summary                        *
=========================================================================
---- Source Parameters
Input File Name                    : "Adder_32.prj"
Ignore Synthesis Constraint File   : NO

---- Target Parameters
Output File Name                   : "Adder_32"
Output Format                      : NGC
Target Device                      : xc7a100t-3-csg324

---- Source Options
Top Module Name                    : Adder_32
Automatic FSM Extraction           : YES
FSM Encoding Algorithm             : Auto
Safe Implementation                : No
FSM Style                          : LUT
RAM Extraction                     : Yes
RAM Style                          : Auto
ROM Extraction                     : Yes
Shift Register Extraction          : YES
ROM Style                          : Auto
Resource Sharing                   : YES
Asynchronous To Synchronous        : NO
Shift Register Minimum Size        : 2
Use DSP Block                      : Auto
Automatic Register Balancing       : No

---- Target Options
LUT Combining                      : Auto
Reduce Control Sets                : Auto
Add IO Buffers                     : YES
Global Maximum Fanout              : 100000
Add Generic Clock Buffer(BUFG)     : 32
Register Duplication               : YES
Optimize Instantiated Primitives   : NO
Use Clock Enable                   : Auto
Use Synchronous Set                : Auto
Use Synchronous Reset              : Auto
Pack IO Registers into IOBs        : Auto
Equivalent register Removal        : YES

---- General Options
Optimization Goal                  : Speed
Optimization Effort                : 1
Power Reduction                    : NO
Keep Hierarchy                     : No
Netlist Hierarchy                  : As_Optimized
RTL Output                         : Yes
Global Optimization                : AllClockNets
Read Cores                         : YES
Write Timing Constraints           : NO
Cross Clock Analysis               : NO
Hierarchy Separator                : /
Bus Delimiter                      : <>
Case Specifier                     : Maintain
Slice Utilization Ratio            : 100
BRAM Utilization Ratio             : 100
DSP48 Utilization Ratio            : 100
Auto BRAM Packing                  : NO
Slice Utilization Ratio Delta      : 5

=========================================================================


=========================================================================
*                          HDL Parsing                                  *
=========================================================================
Analyzing Verilog file "C:\Users\Ronnie\Desktop\lab2\HalfAdder.v" into library work
Parsing module <HalfAdder>.
Analyzing Verilog file "C:\Users\Ronnie\Desktop\lab2\FullAdder.v" into library work
Parsing module <FullAdder>.
Analyzing Verilog file "C:\Users\Ronnie\Desktop\lab2\RCA8.v" into library work
Parsing module <RCA8>.
Analyzing Verilog file "C:\Xilinx\Projects\Lab4\Adder_32.v" into library work
Parsing module <Adder_32>.

=========================================================================
*                            HDL Elaboration                            *
=========================================================================

Elaborating module <Adder_32>.

Elaborating module <RCA8>.

Elaborating module <FullAdder>.

Elaborating module <HalfAdder>.
WARNING:HDLCompiler:1127 - "C:\Users\Ronnie\Desktop\lab2\FullAdder.v" Line 31: Assignment to ha0_S ignored, since the identifier is never used
WARNING:HDLCompiler:634 - "C:\Users\Ronnie\Desktop\lab2\FullAdder.v" Line 36: Net <ha0_5> does not have a driver.
WARNING:HDLCompiler:1127 - "C:\Users\Ronnie\Desktop\lab2\RCA8.v" Line 18: Assignment to c0_1 ignored, since the identifier is never used
WARNING:HDLCompiler:1127 - "C:\Users\Ronnie\Desktop\lab2\RCA8.v" Line 25: Assignment to c1_2 ignored, since the identifier is never used
WARNING:HDLCompiler:1127 - "C:\Users\Ronnie\Desktop\lab2\RCA8.v" Line 32: Assignment to c2_3 ignored, since the identifier is never used
WARNING:HDLCompiler:1127 - "C:\Users\Ronnie\Desktop\lab2\RCA8.v" Line 40: Assignment to c3_4 ignored, since the identifier is never used
WARNING:HDLCompiler:1127 - "C:\Users\Ronnie\Desktop\lab2\RCA8.v" Line 48: Assignment to c4_5 ignored, since the identifier is never used
WARNING:HDLCompiler:1127 - "C:\Users\Ronnie\Desktop\lab2\RCA8.v" Line 55: Assignment to c5_6 ignored, since the identifier is never used
WARNING:HDLCompiler:1127 - "C:\Users\Ronnie\Desktop\lab2\RCA8.v" Line 62: Assignment to c6_7 ignored, since the identifier is never used
WARNING:HDLCompiler:634 - "C:\Users\Ronnie\Desktop\lab2\RCA8.v" Line 23: Net <c0> does not have a driver.
WARNING:HDLCompiler:634 - "C:\Users\Ronnie\Desktop\lab2\RCA8.v" Line 30: Net <c1> does not have a driver.
WARNING:HDLCompiler:634 - "C:\Users\Ronnie\Desktop\lab2\RCA8.v" Line 38: Net <c2> does not have a driver.
WARNING:HDLCompiler:634 - "C:\Users\Ronnie\Desktop\lab2\RCA8.v" Line 46: Net <c3> does not have a driver.
WARNING:HDLCompiler:634 - "C:\Users\Ronnie\Desktop\lab2\RCA8.v" Line 53: Net <c4> does not have a driver.
WARNING:HDLCompiler:634 - "C:\Users\Ronnie\Desktop\lab2\RCA8.v" Line 60: Net <c5> does not have a driver.
WARNING:HDLCompiler:634 - "C:\Users\Ronnie\Desktop\lab2\RCA8.v" Line 67: Net <c6> does not have a driver.

=========================================================================
*                           HDL Synthesis                               *
=========================================================================

Synthesizing Unit <Adder_32>.
    Related source file is "C:\Xilinx\Projects\Lab4\Adder_32.v".
INFO:Xst:3210 - "C:\Xilinx\Projects\Lab4\Adder_32.v" line 29: Output port <Cout> of the instance <rca8_3> is unconnected or connected to loadless signal.
    Summary:
	no macro.
Unit <Adder_32> synthesized.

Synthesizing Unit <RCA8>.
    Related source file is "C:\Users\Ronnie\Desktop\lab2\RCA8.v".
INFO:Xst:3210 - "C:\Users\Ronnie\Desktop\lab2\RCA8.v" line 14: Output port <Cout> of the instance <fa0> is unconnected or connected to loadless signal.
INFO:Xst:3210 - "C:\Users\Ronnie\Desktop\lab2\RCA8.v" line 21: Output port <Cout> of the instance <fa1> is unconnected or connected to loadless signal.
INFO:Xst:3210 - "C:\Users\Ronnie\Desktop\lab2\RCA8.v" line 28: Output port <Cout> of the instance <fa2> is unconnected or connected to loadless signal.
INFO:Xst:3210 - "C:\Users\Ronnie\Desktop\lab2\RCA8.v" line 36: Output port <Cout> of the instance <fa3> is unconnected or connected to loadless signal.
INFO:Xst:3210 - "C:\Users\Ronnie\Desktop\lab2\RCA8.v" line 44: Output port <Cout> of the instance <fa4> is unconnected or connected to loadless signal.
INFO:Xst:3210 - "C:\Users\Ronnie\Desktop\lab2\RCA8.v" line 51: Output port <Cout> of the instance <fa5> is unconnected or connected to loadless signal.
INFO:Xst:3210 - "C:\Users\Ronnie\Desktop\lab2\RCA8.v" line 58: Output port <Cout> of the instance <fa6> is unconnected or connected to loadless signal.
WARNING:Xst:653 - Signal <c0> is used but never assigned. This sourceless signal will be automatically connected to value GND.
WARNING:Xst:653 - Signal <c1> is used but never assigned. This sourceless signal will be automatically connected to value GND.
WARNING:Xst:653 - Signal <c2> is used but never assigned. This sourceless signal will be automatically connected to value GND.
WARNING:Xst:653 - Signal <c3> is used but never assigned. This sourceless signal will be automatically connected to value GND.
WARNING:Xst:653 - Signal <c4> is used but never assigned. This sourceless signal will be automatically connected to value GND.
WARNING:Xst:653 - Signal <c5> is used but never assigned. This sourceless signal will be automatically connected to value GND.
WARNING:Xst:653 - Signal <c6> is used but never assigned. This sourceless signal will be automatically connected to value GND.
    Summary:
	no macro.
Unit <RCA8> synthesized.

Synthesizing Unit <FullAdder>.
    Related source file is "C:\Users\Ronnie\Desktop\lab2\FullAdder.v".
INFO:Xst:3210 - "C:\Users\Ronnie\Desktop\lab2\FullAdder.v" line 28: Output port <S> of the instance <ha0> is unconnected or connected to loadless signal.
WARNING:Xst:653 - Signal <ha0_5> is used but never assigned. This sourceless signal will be automatically connected to value GND.
    Summary:
	no macro.
Unit <FullAdder> synthesized.

Synthesizing Unit <HalfAdder>.
    Related source file is "C:\Users\Ronnie\Desktop\lab2\HalfAdder.v".
    Summary:
Unit <HalfAdder> synthesized.

=========================================================================
HDL Synthesis Report

Macro Statistics
# Xors                                                 : 64
 1-bit xor2                                            : 64

=========================================================================

=========================================================================
*                       Advanced HDL Synthesis                          *
=========================================================================

WARNING:Xst:1290 - Hierarchical block <ha0> is unconnected in block <fa0>.
   It will be removed from the design.
WARNING:Xst:1290 - Hierarchical block <ha0> is unconnected in block <fa1>.
   It will be removed from the design.
WARNING:Xst:1290 - Hierarchical block <ha0> is unconnected in block <fa2>.
   It will be removed from the design.
WARNING:Xst:1290 - Hierarchical block <ha0> is unconnected in block <fa3>.
   It will be removed from the design.
WARNING:Xst:1290 - Hierarchical block <ha0> is unconnected in block <fa4>.
   It will be removed from the design.
WARNING:Xst:1290 - Hierarchical block <ha0> is unconnected in block <fa5>.
   It will be removed from the design.
WARNING:Xst:1290 - Hierarchical block <ha0> is unconnected in block <fa6>.
   It will be removed from the design.
WARNING:Xst:1290 - Hierarchical block <ha0> is unconnected in block <fa0>.
   It will be removed from the design.
WARNING:Xst:1290 - Hierarchical block <ha0> is unconnected in block <fa1>.
   It will be removed from the design.
WARNING:Xst:1290 - Hierarchical block <ha0> is unconnected in block <fa2>.
   It will be removed from the design.
WARNING:Xst:1290 - Hierarchical block <ha0> is unconnected in block <fa3>.
   It will be removed from the design.
WARNING:Xst:1290 - Hierarchical block <ha0> is unconnected in block <fa4>.
   It will be removed from the design.
WARNING:Xst:1290 - Hierarchical block <ha0> is unconnected in block <fa5>.
   It will be removed from the design.
WARNING:Xst:1290 - Hierarchical block <ha0> is unconnected in block <fa6>.
   It will be removed from the design.
WARNING:Xst:1290 - Hierarchical block <ha0> is unconnected in block <fa0>.
   It will be removed from the design.
WARNING:Xst:1290 - Hierarchical block <ha0> is unconnected in block <fa1>.
   It will be removed from the design.
WARNING:Xst:1290 - Hierarchical block <ha0> is unconnected in block <fa2>.
   It will be removed from the design.
WARNING:Xst:1290 - Hierarchical block <ha0> is unconnected in block <fa3>.
   It will be removed from the design.
WARNING:Xst:1290 - Hierarchical block <ha0> is unconnected in block <fa4>.
   It will be removed from the design.
WARNING:Xst:1290 - Hierarchical block <ha0> is unconnected in block <fa5>.
   It will be removed from the design.
WARNING:Xst:1290 - Hierarchical block <ha0> is unconnected in block <fa6>.
   It will be removed from the design.
WARNING:Xst:1290 - Hierarchical block <ha0> is unconnected in block <fa0>.
   It will be removed from the design.
WARNING:Xst:1290 - Hierarchical block <ha0> is unconnected in block <fa1>.
   It will be removed from the design.
WARNING:Xst:1290 - Hierarchical block <ha0> is unconnected in block <fa2>.
   It will be removed from the design.
WARNING:Xst:1290 - Hierarchical block <ha0> is unconnected in block <fa3>.
   It will be removed from the design.
WARNING:Xst:1290 - Hierarchical block <ha0> is unconnected in block <fa4>.
   It will be removed from the design.
WARNING:Xst:1290 - Hierarchical block <ha0> is unconnected in block <fa5>.
   It will be removed from the design.
WARNING:Xst:1290 - Hierarchical block <ha0> is unconnected in block <fa6>.
   It will be removed from the design.
WARNING:Xst:1290 - Hierarchical block <ha0> is unconnected in block <fa7>.
   It will be removed from the design.

=========================================================================
Advanced HDL Synthesis Report

Macro Statistics
# Xors                                                 : 64
 1-bit xor2                                            : 64

=========================================================================

=========================================================================
*                         Low Level Synthesis                           *
=========================================================================

Optimizing unit <Adder_32> ...

Mapping all equations...
Building and optimizing final netlist ...
Found area constraint ratio of 100 (+ 5) on block Adder_32, actual ratio is 0.

Final Macro Processing ...

=========================================================================
Final Register Report

Found no macro
=========================================================================

=========================================================================
*                           Partition Report                            *
=========================================================================

Partition Implementation Status
-------------------------------

  No Partitions were found in this design.

-------------------------------

=========================================================================
*                            Design Summary                             *
=========================================================================

Top Level Output File Name         : Adder_32.ngc

Primitive and Black Box Usage:
------------------------------
# BELS                             : 4
#      GND                         : 1
#      LUT2                        : 3
# IO Buffers                       : 38
#      IBUF                        : 6
#      OBUF                        : 32

Device utilization summary:
---------------------------

Selected Device : 7a100tcsg324-3 


Slice Logic Utilization: 
 Number of Slice LUTs:                    3  out of  63400     0%  
    Number used as Logic:                 3  out of  63400     0%  

Slice Logic Distribution: 
 Number of LUT Flip Flop pairs used:      3
   Number with an unused Flip Flop:       3  out of      3   100%  
   Number with an unused LUT:             0  out of      3     0%  
   Number of fully used LUT-FF pairs:     0  out of      3     0%  
   Number of unique control sets:         0

IO Utilization: 
 Number of IOs:                          96
 Number of bonded IOBs:                  38  out of    210    18%  

Specific Feature Utilization:

---------------------------
Partition Resource Summary:
---------------------------

  No Partitions were found in this design.

---------------------------


=========================================================================
Timing Report

NOTE: THESE TIMING NUMBERS ARE ONLY A SYNTHESIS ESTIMATE.
      FOR ACCURATE TIMING INFORMATION PLEASE REFER TO THE TRACE REPORT
      GENERATED AFTER PLACE-and-ROUTE.

Clock Information:
------------------
No clock signals found in this design

Asynchronous Control Signals Information:
----------------------------------------
No asynchronous control signals found in this design

Timing Summary:
---------------
Speed Grade: -3

   Minimum period: No path found
   Minimum input arrival time before clock: No path found
   Maximum output required time after clock: No path found
   Maximum combinational path delay: 0.757ns

Timing Details:
---------------
All values displayed in nanoseconds (ns)

=========================================================================
Timing constraint: Default path analysis
  Total number of paths / destination ports: 6 / 3
-------------------------------------------------------------------------
Delay:               0.757ns (Levels of Logic = 3)
  Source:            augend<23> (PAD)
  Destination:       sum<24> (PAD)

  Data Path: augend<23> to sum<24>
                                Gate     Net
    Cell:in->out      fanout   Delay   Delay  Logical Name (Net Name)
    ----------------------------------------  ------------
     IBUF:I->O             1   0.001   0.379  augend_23_IBUF (augend_23_IBUF)
     LUT2:I0->O            1   0.097   0.279  rca8_2/fa7/ha0/Cout1 (Carry2_3)
     OBUF:I->O                 0.000          sum_24_OBUF (sum<24>)
    ----------------------------------------
    Total                      0.757ns (0.098ns logic, 0.659ns route)
                                       (13.0% logic, 87.0% route)

=========================================================================

Cross Clock Domains Report:
--------------------------

=========================================================================


Total REAL time to Xst completion: 9.00 secs
Total CPU time to Xst completion: 9.14 secs
 
--> 

Total memory usage is 466304 kilobytes

Number of errors   :    0 (   0 filtered)
Number of warnings :   53 (   0 filtered)
Number of infos    :    9 (   0 filtered)

